================================================================================
RICE MOTIF PIPELINE - TOP 3 VARIETIES
================================================================================
Loading data from: /home/saiful/DeepRice/motif_based_classification_ALL_DATA/data_preprocess/RiceMetaSys_Drought_merged_all_excels_5.csv
  Original shape: (45024, 5)
  Cleaned shape (before variety filter): (45024, 6)

  Full Variety distribution:
Variety
IR64_Cleaned    18134
N22_Cleaned3    12601
Dhaggadeshi      3176
Nipponbare       2622
Moroberekan      1879
IR20             1769
IRAT109           956
Bala              923
ZS97              910
Tampha            719
Pokkali           626
Azucena           581
Chandan           128
Name: count, dtype: int64

  Selecting TOP 3 varieties: ['IR64_Cleaned', 'N22_Cleaned3', 'Dhaggadeshi']
  Filtered shape (top 3 varieties): (33911, 6)

  Selected Variety distribution:
Variety
IR64_Cleaned    18134
N22_Cleaned3    12601
Dhaggadeshi      3176
Name: count, dtype: int64

  Tissue distribution:
Tissue
Panicle          9104
Root             9056
Seedling         5962
Leaf             3913
Inflorescence    2459
Flag Leaf        1279
Pistil           1175
Anther            963
Name: count, dtype: int64

  Stage distribution:
Stage
Reproductive Stage          22035
Seedling Stage               3176
Panicle Elongation Stage     2799
Vegetative Stage             2786
Tillering Stage              2234
Booting Stage                 881
Name: count, dtype: int64

  Label distribution (0=Down, 1=Up):
label
1    18476
0    15435
Name: count, dtype: int64

Scanning 33911 sequences for 54 motifs (global counts)...
  Processed 5000/33911 sequences (14.7%)...
  Processed 10000/33911 sequences (29.5%)...
  Processed 15000/33911 sequences (44.2%)...
  Processed 20000/33911 sequences (59.0%)...
  Processed 25000/33911 sequences (73.7%)...
  Processed 30000/33911 sequences (88.5%)...
  Done! Matrix shape: (33911, 62)

Encoding Variety, Tissue, and Stage conditions...
  Motif + seq stat features: 58
  Variety features: 3
  Tissue features: 8
  Stage features: 6
  Total features: 75

Splitting data (0.8:0.1:0.1)...
  Train: 27128 samples
  Dev:   3391 samples
  Test:  3392 samples
    Train: Up=14780, Down=12348 (54.5% up)
    Dev: Up=1848, Down=1543 (54.5% up)
    Test: Up=1848, Down=1544 (54.5% up)

Saved files:
  /home/saiful/DeepRice_Task1/motif_based_classification_ALL_DATA/MSc_thesis2/global motif counting based/all_top_k/top3/data/train.csv
  /home/saiful/DeepRice_Task1/motif_based_classification_ALL_DATA/MSc_thesis2/global motif counting based/all_top_k/top3/data/dev.csv
  /home/saiful/DeepRice_Task1/motif_based_classification_ALL_DATA/MSc_thesis2/global motif counting based/all_top_k/top3/data/test.csv
  /home/saiful/DeepRice_Task1/motif_based_classification_ALL_DATA/MSc_thesis2/global motif counting based/all_top_k/top3/data/feature_names.txt
  /home/saiful/DeepRice_Task1/motif_based_classification_ALL_DATA/MSc_thesis2/global motif counting based/all_top_k/top3/data/varieties_info.txt

================================================================================
FEATURE SUMMARY
================================================================================

Motif features (global counts): 54
  Examples: ['ABRE', 'ABRE_core', 'CE1', 'CE3', 'DRE_CRT', 'DRE_full', 'LTRE', 'MYB_core', 'MYB1AT', 'MYB2']

Sequence statistics: 4
  ['length', 'gc_content', 'at_content', 'gc_skew']

Variety one-hot features: 3
  ['Variety_Dhaggadeshi', 'Variety_IR64_Cleaned', 'Variety_N22_Cleaned3']

Tissue one-hot features: 8
  ['Tissue_Anther', 'Tissue_Flag Leaf', 'Tissue_Inflorescence', 'Tissue_Leaf', 'Tissue_Panicle', 'Tissue_Pistil', 'Tissue_Root', 'Tissue_Seedling']

Stage one-hot features: 6
  ['Stage_Booting Stage', 'Stage_Panicle Elongation Stage', 'Stage_Reproductive Stage', 'Stage_Seedling Stage', 'Stage_Tillering Stage', 'Stage_Vegetative Stage']

================================================================================
TOP 3 PIPELINE COMPLETE
================================================================================
