================================================================================
RICE MOTIF PIPELINE - TOP 4 VARIETIES
================================================================================
Loading data from: /home/saiful/DeepRice/motif_based_classification_ALL_DATA/data_preprocess/RiceMetaSys_Drought_merged_all_excels_5.csv
  Original shape: (45024, 5)
  Cleaned shape (before variety filter): (45024, 6)

  Full Variety distribution:
Variety
IR64_Cleaned    18134
N22_Cleaned3    12601
Dhaggadeshi      3176
Nipponbare       2622
Moroberekan      1879
IR20             1769
IRAT109           956
Bala              923
ZS97              910
Tampha            719
Pokkali           626
Azucena           581
Chandan           128
Name: count, dtype: int64

  Selecting TOP 4 varieties: ['IR64_Cleaned', 'N22_Cleaned3', 'Dhaggadeshi', 'Nipponbare']
  Filtered shape (top 4 varieties): (36533, 6)

  Selected Variety distribution:
Variety
IR64_Cleaned    18134
N22_Cleaned3    12601
Dhaggadeshi      3176
Nipponbare       2622
Name: count, dtype: int64

  Tissue distribution:
Tissue
Panicle          9104
Root             9056
Leaf             6037
Seedling         5962
Inflorescence    2459
Flag Leaf        1777
Pistil           1175
Anther            963
Name: count, dtype: int64

  Stage distribution:
Stage
Reproductive Stage          22533
Vegetative Stage             4093
Seedling Stage               3993
Panicle Elongation Stage     2799
Tillering Stage              2234
Booting Stage                 881
Name: count, dtype: int64

  Label distribution (0=Down, 1=Up):
label
1    20057
0    16476
Name: count, dtype: int64

Scanning 36533 sequences for 54 motifs (global counts)...
  Processed 5000/36533 sequences (13.7%)...
  Processed 10000/36533 sequences (27.4%)...
  Processed 15000/36533 sequences (41.1%)...
  Processed 20000/36533 sequences (54.7%)...
  Processed 25000/36533 sequences (68.4%)...
  Processed 30000/36533 sequences (82.1%)...
  Processed 35000/36533 sequences (95.8%)...
  Done! Matrix shape: (36533, 62)

Encoding Variety, Tissue, and Stage conditions...
  Motif + seq stat features: 58
  Variety features: 4
  Tissue features: 8
  Stage features: 6
  Total features: 76

Splitting data (0.8:0.1:0.1)...
  Train: 29226 samples
  Dev:   3653 samples
  Test:  3654 samples
    Train: Up=16045, Down=13181 (54.9% up)
    Dev: Up=2006, Down=1647 (54.9% up)
    Test: Up=2006, Down=1648 (54.9% up)

Saved files:
  /home/saiful/DeepRice_Task1/motif_based_classification_ALL_DATA/MSc_thesis2/global motif counting based/all_top_k/top4/data/train.csv
  /home/saiful/DeepRice_Task1/motif_based_classification_ALL_DATA/MSc_thesis2/global motif counting based/all_top_k/top4/data/dev.csv
  /home/saiful/DeepRice_Task1/motif_based_classification_ALL_DATA/MSc_thesis2/global motif counting based/all_top_k/top4/data/test.csv
  /home/saiful/DeepRice_Task1/motif_based_classification_ALL_DATA/MSc_thesis2/global motif counting based/all_top_k/top4/data/feature_names.txt
  /home/saiful/DeepRice_Task1/motif_based_classification_ALL_DATA/MSc_thesis2/global motif counting based/all_top_k/top4/data/varieties_info.txt

================================================================================
FEATURE SUMMARY
================================================================================

Motif features (global counts): 54
  Examples: ['ABRE', 'ABRE_core', 'CE1', 'CE3', 'DRE_CRT', 'DRE_full', 'LTRE', 'MYB_core', 'MYB1AT', 'MYB2']

Sequence statistics: 4
  ['length', 'gc_content', 'at_content', 'gc_skew']

Variety one-hot features: 4
  ['Variety_Dhaggadeshi', 'Variety_IR64_Cleaned', 'Variety_N22_Cleaned3', 'Variety_Nipponbare']

Tissue one-hot features: 8
  ['Tissue_Anther', 'Tissue_Flag Leaf', 'Tissue_Inflorescence', 'Tissue_Leaf', 'Tissue_Panicle', 'Tissue_Pistil', 'Tissue_Root', 'Tissue_Seedling']

Stage one-hot features: 6
  ['Stage_Booting Stage', 'Stage_Panicle Elongation Stage', 'Stage_Reproductive Stage', 'Stage_Seedling Stage', 'Stage_Tillering Stage', 'Stage_Vegetative Stage']

================================================================================
TOP 4 PIPELINE COMPLETE
================================================================================
