================================================================================
RICE MOTIF PIPELINE - TOP 7 VARIETIES
================================================================================
Loading data from: /home/saiful/DeepRice/motif_based_classification_ALL_DATA/data_preprocess/RiceMetaSys_Drought_merged_all_excels_5.csv
  Original shape: (45024, 5)
  Cleaned shape (before variety filter): (45024, 6)

  Full Variety distribution:
Variety
IR64_Cleaned    18134
N22_Cleaned3    12601
Dhaggadeshi      3176
Nipponbare       2622
Moroberekan      1879
IR20             1769
IRAT109           956
Bala              923
ZS97              910
Tampha            719
Pokkali           626
Azucena           581
Chandan           128
Name: count, dtype: int64

  Selecting TOP 7 varieties: ['IR64_Cleaned', 'N22_Cleaned3', 'Dhaggadeshi', 'Nipponbare', 'Moroberekan', 'IR20', 'IRAT109']
  Filtered shape (top 7 varieties): (41137, 6)

  Selected Variety distribution:
Variety
IR64_Cleaned    18134
N22_Cleaned3    12601
Dhaggadeshi      3176
Nipponbare       2622
Moroberekan      1879
IR20             1769
IRAT109           956
Name: count, dtype: int64

  Tissue distribution:
Tissue
Panicle          9104
Root             9056
Seedling         7731
Leaf             6037
Flag Leaf        2733
Inflorescence    2459
Anther           2315
Pistil           1702
Name: count, dtype: int64

  Stage distribution:
Stage
Reproductive Stage          25368
Seedling Stage               5762
Vegetative Stage             4093
Panicle Elongation Stage     2799
Tillering Stage              2234
Booting Stage                 881
Name: count, dtype: int64

  Label distribution (0=Down, 1=Up):
label
1    22051
0    19086
Name: count, dtype: int64

Scanning 41137 sequences for 54 motifs (global counts)...
  Processed 5000/41137 sequences (12.2%)...
  Processed 10000/41137 sequences (24.3%)...
  Processed 15000/41137 sequences (36.5%)...
  Processed 20000/41137 sequences (48.6%)...
  Processed 25000/41137 sequences (60.8%)...
  Processed 30000/41137 sequences (72.9%)...
  Processed 35000/41137 sequences (85.1%)...
  Processed 40000/41137 sequences (97.2%)...
  Done! Matrix shape: (41137, 62)

Encoding Variety, Tissue, and Stage conditions...
  Motif + seq stat features: 58
  Variety features: 7
  Tissue features: 8
  Stage features: 6
  Total features: 79

Splitting data (0.8:0.1:0.1)...
  Train: 32909 samples
  Dev:   4114 samples
  Test:  4114 samples
    Train: Up=17640, Down=15269 (53.6% up)
    Dev: Up=2206, Down=1908 (53.6% up)
    Test: Up=2205, Down=1909 (53.6% up)

Saved files:
  /home/saiful/DeepRice_Task1/motif_based_classification_ALL_DATA/MSc_thesis2/global motif counting based/all_top_k/top7/data/train.csv
  /home/saiful/DeepRice_Task1/motif_based_classification_ALL_DATA/MSc_thesis2/global motif counting based/all_top_k/top7/data/dev.csv
  /home/saiful/DeepRice_Task1/motif_based_classification_ALL_DATA/MSc_thesis2/global motif counting based/all_top_k/top7/data/test.csv
  /home/saiful/DeepRice_Task1/motif_based_classification_ALL_DATA/MSc_thesis2/global motif counting based/all_top_k/top7/data/feature_names.txt
  /home/saiful/DeepRice_Task1/motif_based_classification_ALL_DATA/MSc_thesis2/global motif counting based/all_top_k/top7/data/varieties_info.txt

================================================================================
FEATURE SUMMARY
================================================================================

Motif features (global counts): 54
  Examples: ['ABRE', 'ABRE_core', 'CE1', 'CE3', 'DRE_CRT', 'DRE_full', 'LTRE', 'MYB_core', 'MYB1AT', 'MYB2']

Sequence statistics: 4
  ['length', 'gc_content', 'at_content', 'gc_skew']

Variety one-hot features: 7
  ['Variety_Dhaggadeshi', 'Variety_IR20', 'Variety_IR64_Cleaned', 'Variety_IRAT109', 'Variety_Moroberekan', 'Variety_N22_Cleaned3', 'Variety_Nipponbare']

Tissue one-hot features: 8
  ['Tissue_Anther', 'Tissue_Flag Leaf', 'Tissue_Inflorescence', 'Tissue_Leaf', 'Tissue_Panicle', 'Tissue_Pistil', 'Tissue_Root', 'Tissue_Seedling']

Stage one-hot features: 6
  ['Stage_Booting Stage', 'Stage_Panicle Elongation Stage', 'Stage_Reproductive Stage', 'Stage_Seedling Stage', 'Stage_Tillering Stage', 'Stage_Vegetative Stage']

================================================================================
TOP 7 PIPELINE COMPLETE
================================================================================
